[docs.rust-embedded.org/discovery/microbit/index.html]
[backblue.gif]
[fade.gif]
[index.html]
[docs.rust-embedded.org/discovery/microbit/favicon.svg]
[docs.rust-embedded.org/discovery/microbit/favicon.png]
[docs.rust-embedded.org/discovery/microbit/css/variables.css]
[docs.rust-embedded.org/discovery/microbit/css/general.css]
[docs.rust-embedded.org/discovery/microbit/css/chrome.css]
[docs.rust-embedded.org/discovery/microbit/css/print.css]
[docs.rust-embedded.org/discovery/microbit/FontAwesome/css/font-awesome.css]
[docs.rust-embedded.org/discovery/microbit/fonts/fonts.css]
[docs.rust-embedded.org/discovery/microbit/highlight.css]
[docs.rust-embedded.org/discovery/microbit/tomorrow-night.css]
[docs.rust-embedded.org/discovery/microbit/ayu-highlight.css]
[docs.rust-embedded.org/discovery/microbit/toc.js]
[docs.rust-embedded.org/discovery/microbit/toc.html]
[docs.rust-embedded.org/discovery/microbit/print.html]
[docs.rust-embedded.org/discovery/microbit/01-background/index.html]
[docs.rust-embedded.org/discovery/microbit/elasticlunr.min.js]
[docs.rust-embedded.org/discovery/microbit/mark.min.js]
[docs.rust-embedded.org/discovery/microbit/searcher.js]
[docs.rust-embedded.org/discovery/microbit/clipboard.min.js]
[docs.rust-embedded.org/discovery/microbit/highlight.js]
[docs.rust-embedded.org/discovery/microbit/book.js]
[docs.rust-embedded.org/discovery/microbit/index.html]
[docs.rust-embedded.org/discovery/microbit/favicon.svg]
[docs.rust-embedded.org/discovery/microbit/css/variables.css]
[docs.rust-embedded.org/discovery/microbit/css/general.css]
[docs.rust-embedded.org/discovery/microbit/css/chrome.css]
[docs.rust-embedded.org/discovery/microbit/css/print.css]
[docs.rust-embedded.org/discovery/microbit/FontAwesome/fonts/fontawesome-webfont3e6e.eot]
[docs.rust-embedded.org/discovery/microbit/FontAwesome/fonts/fontawesome-webfontd41d.eot]
[docs.rust-embedded.org/discovery/microbit/FontAwesome/fonts/fontawesome-webfont3e6e.woff2]
[docs.rust-embedded.org/discovery/microbit/FontAwesome/fonts/fontawesome-webfont3e6e.woff]
[docs.rust-embedded.org/discovery/microbit/FontAwesome/fonts/fontawesome-webfont3e6e.ttf]
[docs.rust-embedded.org/discovery/microbit/FontAwesome/css/font-awesome.css]
[docs.rust-embedded.org/discovery/microbit/FontAwesome/fonts/fontawesome-webfont3e6e.svg]
[docs.rust-embedded.org/discovery/microbit/fonts/open-sans-v17-all-charsets-300.woff2]
[docs.rust-embedded.org/discovery/microbit/fonts/open-sans-v17-all-charsets-300italic.woff2]
[docs.rust-embedded.org/discovery/microbit/fonts/open-sans-v17-all-charsets-regular.woff2]
[docs.rust-embedded.org/discovery/microbit/fonts/open-sans-v17-all-charsets-italic.woff2]
[docs.rust-embedded.org/discovery/microbit/fonts/open-sans-v17-all-charsets-600.woff2]
[docs.rust-embedded.org/discovery/microbit/fonts/open-sans-v17-all-charsets-600italic.woff2]
[docs.rust-embedded.org/discovery/microbit/fonts/open-sans-v17-all-charsets-700.woff2]
[docs.rust-embedded.org/discovery/microbit/fonts/open-sans-v17-all-charsets-700italic.woff2]
[docs.rust-embedded.org/discovery/microbit/fonts/open-sans-v17-all-charsets-800.woff2]
[docs.rust-embedded.org/discovery/microbit/fonts/open-sans-v17-all-charsets-800italic.woff2]
[docs.rust-embedded.org/discovery/microbit/fonts/source-code-pro-v11-all-charsets-500.woff2]
[docs.rust-embedded.org/discovery/microbit/fonts/fonts.css]
[docs.rust-embedded.org/discovery/microbit/highlight.css]
[docs.rust-embedded.org/discovery/microbit/tomorrow-night.css]
[docs.rust-embedded.org/discovery/microbit/ayu-highlight.css]
[docs.rust-embedded.org/discovery/microbit/index-2.html]
[docs.rust-embedded.org/discovery/microbit/02-requirements/index.html]
[docs.rust-embedded.org/discovery/microbit/03-setup/index.html]
[docs.rust-embedded.org/discovery/microbit/03-setup/linux.html]
[docs.rust-embedded.org/discovery/microbit/03-setup/windows.html]
[docs.rust-embedded.org/discovery/microbit/03-setup/macos.html]
[docs.rust-embedded.org/discovery/microbit/03-setup/verify.html]
[docs.rust-embedded.org/discovery/microbit/03-setup/IDE.html]
[docs.rust-embedded.org/discovery/microbit/04-meet-your-hardware/index.html]
[docs.rust-embedded.org/discovery/microbit/04-meet-your-hardware/microbit-v2.html]
[docs.rust-embedded.org/discovery/microbit/04-meet-your-hardware/microbit-v1.html]
[docs.rust-embedded.org/discovery/microbit/04-meet-your-hardware/terminology.html]
[docs.rust-embedded.org/discovery/microbit/05-led-roulette/index.html]
[docs.rust-embedded.org/discovery/microbit/05-led-roulette/build-it.html]
[docs.rust-embedded.org/discovery/microbit/05-led-roulette/flash-it.html]
[docs.rust-embedded.org/discovery/microbit/05-led-roulette/debug-it.html]
[docs.rust-embedded.org/discovery/microbit/05-led-roulette/light-it-up.html]
[docs.rust-embedded.org/discovery/microbit/05-led-roulette/it-blinks.html]
[docs.rust-embedded.org/discovery/microbit/05-led-roulette/the-challenge.html]
[docs.rust-embedded.org/discovery/microbit/05-led-roulette/my-solution.html]
[docs.rust-embedded.org/discovery/microbit/06-serial-communication/index.html]
[docs.rust-embedded.org/discovery/microbit/06-serial-communication/nix-tooling.html]
[docs.rust-embedded.org/discovery/microbit/06-serial-communication/windows-tooling.html]
[docs.rust-embedded.org/discovery/microbit/07-uart/index.html]
[docs.rust-embedded.org/discovery/microbit/07-uart/send-a-single-byte.html]
[docs.rust-embedded.org/discovery/microbit/07-uart/send-a-string.html]
[docs.rust-embedded.org/discovery/microbit/07-uart/naive-approch-write.html]
[docs.rust-embedded.org/discovery/microbit/07-uart/receive-a-single-byte.html]
[docs.rust-embedded.org/discovery/microbit/07-uart/echo-server.html]
[docs.rust-embedded.org/discovery/microbit/07-uart/reverse-a-string.html]
[docs.rust-embedded.org/discovery/microbit/07-uart/my-solution.html]
[docs.rust-embedded.org/discovery/microbit/08-i2c/index.html]
[docs.rust-embedded.org/discovery/microbit/08-i2c/the-general-protocol.html]
[docs.rust-embedded.org/discovery/microbit/08-i2c/lsm303agr.html]
[docs.rust-embedded.org/discovery/microbit/08-i2c/read-a-single-register.html]
[docs.rust-embedded.org/discovery/microbit/08-i2c/using-a-driver.html]
[docs.rust-embedded.org/discovery/microbit/08-i2c/the-challenge.html]
[docs.rust-embedded.org/discovery/microbit/08-i2c/my-solution.html]
[docs.rust-embedded.org/discovery/microbit/09-led-compass/index.html]
[docs.rust-embedded.org/discovery/microbit/09-led-compass/calibration.html]
[docs.rust-embedded.org/discovery/microbit/09-led-compass/take-1.html]
[docs.rust-embedded.org/discovery/microbit/09-led-compass/solution-1.html]
[docs.rust-embedded.org/discovery/microbit/09-led-compass/take-2.html]
[docs.rust-embedded.org/discovery/microbit/09-led-compass/solution-2.html]
[docs.rust-embedded.org/discovery/microbit/09-led-compass/magnitude.html]
[docs.rust-embedded.org/discovery/microbit/10-punch-o-meter/index.html]
[docs.rust-embedded.org/discovery/microbit/10-punch-o-meter/gravity-is-up.html]
[docs.rust-embedded.org/discovery/microbit/10-punch-o-meter/the-challenge.html]
[docs.rust-embedded.org/discovery/microbit/10-punch-o-meter/my-solution.html]
[docs.rust-embedded.org/discovery/microbit/11-snake-game/index.html]
[docs.rust-embedded.org/discovery/microbit/11-snake-game/game-logic.html]
[docs.rust-embedded.org/discovery/microbit/11-snake-game/controls.html]
[docs.rust-embedded.org/discovery/microbit/11-snake-game/nonblocking-display.html]
[docs.rust-embedded.org/discovery/microbit/explore.html]
[docs.rust-embedded.org/discovery/microbit/appendix/1-general-troubleshooting/index.html]
[docs.rust-embedded.org/discovery/microbit/appendix/2-how-to-use-gdb/index.html]
[docs.rust-embedded.org/discovery/microbit/toc.html]
[docs.rust-embedded.org/discovery/microbit/assets/microbit-v2.jpg]
[docs.rust-embedded.org/discovery/microbit/assets/usb-cable.jpg]
[docs.rust-embedded.org/discovery/microbit/assets/gdb-layout-src.png]
[docs.rust-embedded.org/discovery/microbit/assets/gdb-layout-asm.png]
[docs.rust-embedded.org/discovery/microbit/appendix/2-how-to-use-gdb/index-2.html]
[en.wikipedia.org/wiki/File_Serial_port.html]
[upload.wikimedia.org/wikipedia/commons/thumb/e/ea/Serial_port.jpg/800px-Serial_port.jpg]
[docs.rust-embedded.org/discovery/microbit/assets/minicom.png]
[docs.rust-embedded.org/discovery/microbit/assets/putty-settings.png]
[docs.rust-embedded.org/discovery/microbit/assets/putty-console.png]
[docs.rust-embedded.org/discovery/microbit/assets/quadrants.png]
[docs.rust-embedded.org/discovery/microbit/print.html]
[docs.rust-embedded.org/discovery/microbit/01-background/index.html]
[docs.rust-embedded.org/discovery/microbit/FontAwesome/fonts/fontawesome-webfont3e6e.svg]
[docs.rust-embedded.org/discovery/microbit/index-2.html]
[docs.rust-embedded.org/discovery/microbit/02-requirements/index.html]
[docs.rust-embedded.org/discovery/microbit/03-setup/index.html]
[docs.rust-embedded.org/discovery/microbit/03-setup/linux.html]
[docs.rust-embedded.org/discovery/microbit/03-setup/windows.html]
[docs.rust-embedded.org/discovery/microbit/03-setup/macos.html]
[docs.rust-embedded.org/discovery/microbit/03-setup/verify.html]
[docs.rust-embedded.org/discovery/microbit/03-setup/IDE.html]
[docs.rust-embedded.org/discovery/microbit/04-meet-your-hardware/index.html]
[docs.rust-embedded.org/discovery/microbit/04-meet-your-hardware/microbit-v2.html]
[docs.rust-embedded.org/discovery/microbit/04-meet-your-hardware/microbit-v1.html]
[docs.rust-embedded.org/discovery/microbit/04-meet-your-hardware/terminology.html]
[docs.rust-embedded.org/discovery/microbit/05-led-roulette/index.html]
[docs.rust-embedded.org/discovery/microbit/05-led-roulette/build-it.html]
[docs.rust-embedded.org/discovery/microbit/05-led-roulette/flash-it.html]
[docs.rust-embedded.org/discovery/microbit/05-led-roulette/debug-it.html]
[docs.rust-embedded.org/discovery/microbit/05-led-roulette/light-it-up.html]
[docs.rust-embedded.org/discovery/microbit/05-led-roulette/it-blinks.html]
[docs.rust-embedded.org/discovery/microbit/05-led-roulette/the-challenge.html]
[docs.rust-embedded.org/discovery/microbit/05-led-roulette/my-solution.html]
[docs.rust-embedded.org/discovery/microbit/06-serial-communication/index.html]
[docs.rust-embedded.org/discovery/microbit/06-serial-communication/nix-tooling.html]
[docs.rust-embedded.org/discovery/microbit/06-serial-communication/windows-tooling.html]
[docs.rust-embedded.org/discovery/microbit/07-uart/index.html]
[docs.rust-embedded.org/discovery/microbit/07-uart/send-a-single-byte.html]
[docs.rust-embedded.org/discovery/microbit/07-uart/send-a-string.html]
[docs.rust-embedded.org/discovery/microbit/07-uart/naive-approch-write.html]
[docs.rust-embedded.org/discovery/microbit/07-uart/receive-a-single-byte.html]
[docs.rust-embedded.org/discovery/microbit/07-uart/echo-server.html]
[docs.rust-embedded.org/discovery/microbit/07-uart/reverse-a-string.html]
[docs.rust-embedded.org/discovery/microbit/07-uart/my-solution.html]
[docs.rust-embedded.org/discovery/microbit/08-i2c/index.html]
[docs.rust-embedded.org/discovery/microbit/08-i2c/the-general-protocol.html]
[docs.rust-embedded.org/discovery/microbit/08-i2c/lsm303agr.html]
[docs.rust-embedded.org/discovery/microbit/08-i2c/read-a-single-register.html]
[docs.rust-embedded.org/discovery/microbit/08-i2c/using-a-driver.html]
[docs.rust-embedded.org/discovery/microbit/08-i2c/the-challenge.html]
[docs.rust-embedded.org/discovery/microbit/08-i2c/my-solution.html]
[docs.rust-embedded.org/discovery/microbit/09-led-compass/index.html]
[docs.rust-embedded.org/discovery/microbit/09-led-compass/calibration.html]
[docs.rust-embedded.org/discovery/microbit/09-led-compass/take-1.html]
[docs.rust-embedded.org/discovery/microbit/09-led-compass/solution-1.html]
[docs.rust-embedded.org/discovery/microbit/09-led-compass/take-2.html]
[docs.rust-embedded.org/discovery/microbit/09-led-compass/solution-2.html]
[docs.rust-embedded.org/discovery/microbit/09-led-compass/magnitude.html]
[docs.rust-embedded.org/discovery/microbit/10-punch-o-meter/index.html]
[docs.rust-embedded.org/discovery/microbit/10-punch-o-meter/gravity-is-up.html]
[docs.rust-embedded.org/discovery/microbit/10-punch-o-meter/the-challenge.html]
[docs.rust-embedded.org/discovery/microbit/10-punch-o-meter/my-solution.html]
[docs.rust-embedded.org/discovery/microbit/11-snake-game/index.html]
[docs.rust-embedded.org/discovery/microbit/11-snake-game/game-logic.html]
[docs.rust-embedded.org/discovery/microbit/11-snake-game/controls.html]
[docs.rust-embedded.org/discovery/microbit/11-snake-game/nonblocking-display.html]
[docs.rust-embedded.org/discovery/microbit/explore.html]
[docs.rust-embedded.org/discovery/microbit/appendix/1-general-troubleshooting/index.html]
[docs.rust-embedded.org/discovery/microbit/appendix/2-how-to-use-gdb/index.html]
[docs.rust-embedded.org/discovery/microbit/appendix/2-how-to-use-gdb/index-2.html]
[en.wikipedia.org/wiki/File_Serial_port.html]
